  正在确定要还原的项目…
  所有项目均是最新的，无法还原。
D:\seamless loop music\seamless loop music\seamless loop music\Services\PlaylistManager.cs(21,22): error CS0246: 未能找到类型或命名空间名“Task<>”(是否缺少 using 指令或程序集引用?) [D:\seamless loop music\seamless loop music\seamless loop music\seamless loop music_gj3jjrnl_wpftmp.csproj]
D:\seamless loop music\seamless loop music\seamless loop music\Services\PlaylistManager.cs(21,27): error CS0246: 未能找到类型或命名空间名“List<>”(是否缺少 using 指令或程序集引用?) [D:\seamless loop music\seamless loop music\seamless loop music\seamless loop music_gj3jjrnl_wpftmp.csproj]
D:\seamless loop music\seamless loop music\seamless loop music\Services\PlaylistManager.cs(26,22): error CS0246: 未能找到类型或命名空间名“Task<>”(是否缺少 using 指令或程序集引用?) [D:\seamless loop music\seamless loop music\seamless loop music\seamless loop music_gj3jjrnl_wpftmp.csproj]
D:\seamless loop music\seamless loop music\seamless loop music\Services\PlaylistManager.cs(34,22): error CS0246: 未能找到类型或命名空间名“Task”(是否缺少 using 指令或程序集引用?) [D:\seamless loop music\seamless loop music\seamless loop music\seamless loop music_gj3jjrnl_wpftmp.csproj]
D:\seamless loop music\seamless loop music\seamless loop music\Services\PlaylistManager.cs(40,22): error CS0246: 未能找到类型或命名空间名“Task”(是否缺少 using 指令或程序集引用?) [D:\seamless loop music\seamless loop music\seamless loop music\seamless loop music_gj3jjrnl_wpftmp.csproj]
D:\seamless loop music\seamless loop music\seamless loop music\Services\PlaylistManager.cs(46,22): error CS0246: 未能找到类型或命名空间名“Task”(是否缺少 using 指令或程序集引用?) [D:\seamless loop music\seamless loop music\seamless loop music\seamless loop music_gj3jjrnl_wpftmp.csproj]
D:\seamless loop music\seamless loop music\seamless loop music\Services\PlaylistManager.cs(51,22): error CS0246: 未能找到类型或命名空间名“Task”(是否缺少 using 指令或程序集引用?) [D:\seamless loop music\seamless loop music\seamless loop music\seamless loop music_gj3jjrnl_wpftmp.csproj]
D:\seamless loop music\seamless loop music\seamless loop music\Services\PlaylistManager.cs(59,22): error CS0246: 未能找到类型或命名空间名“Task<>”(是否缺少 using 指令或程序集引用?) [D:\seamless loop music\seamless loop music\seamless loop music\seamless loop music_gj3jjrnl_wpftmp.csproj]
D:\seamless loop music\seamless loop music\seamless loop music\Services\PlaylistManager.cs(59,27): error CS0246: 未能找到类型或命名空间名“List<>”(是否缺少 using 指令或程序集引用?) [D:\seamless loop music\seamless loop music\seamless loop music\seamless loop music_gj3jjrnl_wpftmp.csproj]
D:\seamless loop music\seamless loop music\seamless loop music\Services\PlaylistManager.cs(64,39): error CS0246: 未能找到类型或命名空间名“IEnumerable<>”(是否缺少 using 指令或程序集引用?) [D:\seamless loop music\seamless loop music\seamless loop music\seamless loop music_gj3jjrnl_wpftmp.csproj]
D:\seamless loop music\seamless loop music\seamless loop music\Services\PlaylistManager.cs(8,36): error CS0738: “PlaylistManager”不实现接口成员“IPlaylistManager.GetAllPlaylistsAsync()”。“PlaylistManager.GetAllPlaylistsAsync()”无法实现“IPlaylistManager.GetAllPlaylistsAsync()”，因为它没有“Task<List<Playlist>>”的匹配返回类型。 [D:\seamless loop music\seamless loop music\seamless loop music\seamless loop music_gj3jjrnl_wpftmp.csproj]
D:\seamless loop music\seamless loop music\seamless loop music\Services\PlaylistManager.cs(8,36): error CS0738: “PlaylistManager”不实现接口成员“IPlaylistManager.DeletePlaylistAsync(int)”。“PlaylistManager.DeletePlaylistAsync(int)”无法实现“IPlaylistManager.DeletePlaylistAsync(int)”，因为它没有“Task”的匹配返回类型。 [D:\seamless loop music\seamless loop music\seamless loop music\seamless loop music_gj3jjrnl_wpftmp.csproj]
D:\seamless loop music\seamless loop music\seamless loop music\Services\PlaylistManager.cs(8,36): error CS0738: “PlaylistManager”不实现接口成员“IPlaylistManager.RenamePlaylistAsync(int, string)”。“PlaylistManager.RenamePlaylistAsync(int, string)”无法实现“IPlaylistManager.RenamePlaylistAsync(int, string)”，因为它没有“Task”的匹配返回类型。 [D:\seamless loop music\seamless loop music\seamless loop music\seamless loop music_gj3jjrnl_wpftmp.csproj]
D:\seamless loop music\seamless loop music\seamless loop music\Services\PlaylistManager.cs(8,36): error CS0738: “PlaylistManager”不实现接口成员“IPlaylistManager.AddTrackToPlaylistAsync(int, MusicTrack)”。“PlaylistManager.AddTrackToPlaylistAsync(int, MusicTrack)”无法实现“IPlaylistManager.AddTrackToPlaylistAsync(int, MusicTrack)”，因为它没有“Task”的匹配返回类型。 [D:\seamless loop music\seamless loop music\seamless loop music\seamless loop music_gj3jjrnl_wpftmp.csproj]
D:\seamless loop music\seamless loop music\seamless loop music\Services\PlaylistManager.cs(8,36): error CS0738: “PlaylistManager”不实现接口成员“IPlaylistManager.RemoveTrackFromPlaylistAsync(int, int)”。“PlaylistManager.RemoveTrackFromPlaylistAsync(int, int)”无法实现“IPlaylistManager.RemoveTrackFromPlaylistAsync(int, int)”，因为它没有“Task”的匹配返回类型。 [D:\seamless loop music\seamless loop music\seamless loop music\seamless loop music_gj3jjrnl_wpftmp.csproj]
D:\seamless loop music\seamless loop music\seamless loop music\Services\PlaylistManager.cs(8,36): error CS0738: “PlaylistManager”不实现接口成员“IPlaylistManager.GetTracksInPlaylistAsync(int)”。“PlaylistManager.GetTracksInPlaylistAsync(int)”无法实现“IPlaylistManager.GetTracksInPlaylistAsync(int)”，因为它没有“Task<List<MusicTrack>>”的匹配返回类型。 [D:\seamless loop music\seamless loop music\seamless loop music\seamless loop music_gj3jjrnl_wpftmp.csproj]
D:\seamless loop music\seamless loop music\seamless loop music\Services\PlaylistManager.cs(8,36): error CS0535: “PlaylistManager”不实现接口成员“IPlaylistManager.SetNowPlayingList(IEnumerable<MusicTrack>, MusicTrack)” [D:\seamless loop music\seamless loop music\seamless loop music\seamless loop music_gj3jjrnl_wpftmp.csproj]
D:\seamless loop music\seamless loop music\seamless loop music\Services\PlaylistManager.cs(56,17): error CS0246: 未能找到类型或命名空间名“List<>”(是否缺少 using 指令或程序集引用?) [D:\seamless loop music\seamless loop music\seamless loop music\seamless loop music_gj3jjrnl_wpftmp.csproj]

生成失败。

D:\seamless loop music\seamless loop music\seamless loop music\Services\PlaylistManager.cs(21,22): error CS0246: 未能找到类型或命名空间名“Task<>”(是否缺少 using 指令或程序集引用?) [D:\seamless loop music\seamless loop music\seamless loop music\seamless loop music_gj3jjrnl_wpftmp.csproj]
D:\seamless loop music\seamless loop music\seamless loop music\Services\PlaylistManager.cs(21,27): error CS0246: 未能找到类型或命名空间名“List<>”(是否缺少 using 指令或程序集引用?) [D:\seamless loop music\seamless loop music\seamless loop music\seamless loop music_gj3jjrnl_wpftmp.csproj]
D:\seamless loop music\seamless loop music\seamless loop music\Services\PlaylistManager.cs(26,22): error CS0246: 未能找到类型或命名空间名“Task<>”(是否缺少 using 指令或程序集引用?) [D:\seamless loop music\seamless loop music\seamless loop music\seamless loop music_gj3jjrnl_wpftmp.csproj]
D:\seamless loop music\seamless loop music\seamless loop music\Services\PlaylistManager.cs(34,22): error CS0246: 未能找到类型或命名空间名“Task”(是否缺少 using 指令或程序集引用?) [D:\seamless loop music\seamless loop music\seamless loop music\seamless loop music_gj3jjrnl_wpftmp.csproj]
D:\seamless loop music\seamless loop music\seamless loop music\Services\PlaylistManager.cs(40,22): error CS0246: 未能找到类型或命名空间名“Task”(是否缺少 using 指令或程序集引用?) [D:\seamless loop music\seamless loop music\seamless loop music\seamless loop music_gj3jjrnl_wpftmp.csproj]
D:\seamless loop music\seamless loop music\seamless loop music\Services\PlaylistManager.cs(46,22): error CS0246: 未能找到类型或命名空间名“Task”(是否缺少 using 指令或程序集引用?) [D:\seamless loop music\seamless loop music\seamless loop music\seamless loop music_gj3jjrnl_wpftmp.csproj]
D:\seamless loop music\seamless loop music\seamless loop music\Services\PlaylistManager.cs(51,22): error CS0246: 未能找到类型或命名空间名“Task”(是否缺少 using 指令或程序集引用?) [D:\seamless loop music\seamless loop music\seamless loop music\seamless loop music_gj3jjrnl_wpftmp.csproj]
D:\seamless loop music\seamless loop music\seamless loop music\Services\PlaylistManager.cs(59,22): error CS0246: 未能找到类型或命名空间名“Task<>”(是否缺少 using 指令或程序集引用?) [D:\seamless loop music\seamless loop music\seamless loop music\seamless loop music_gj3jjrnl_wpftmp.csproj]
D:\seamless loop music\seamless loop music\seamless loop music\Services\PlaylistManager.cs(59,27): error CS0246: 未能找到类型或命名空间名“List<>”(是否缺少 using 指令或程序集引用?) [D:\seamless loop music\seamless loop music\seamless loop music\seamless loop music_gj3jjrnl_wpftmp.csproj]
D:\seamless loop music\seamless loop music\seamless loop music\Services\PlaylistManager.cs(64,39): error CS0246: 未能找到类型或命名空间名“IEnumerable<>”(是否缺少 using 指令或程序集引用?) [D:\seamless loop music\seamless loop music\seamless loop music\seamless loop music_gj3jjrnl_wpftmp.csproj]
D:\seamless loop music\seamless loop music\seamless loop music\Services\PlaylistManager.cs(8,36): error CS0738: “PlaylistManager”不实现接口成员“IPlaylistManager.GetAllPlaylistsAsync()”。“PlaylistManager.GetAllPlaylistsAsync()”无法实现“IPlaylistManager.GetAllPlaylistsAsync()”，因为它没有“Task<List<Playlist>>”的匹配返回类型。 [D:\seamless loop music\seamless loop music\seamless loop music\seamless loop music_gj3jjrnl_wpftmp.csproj]
D:\seamless loop music\seamless loop music\seamless loop music\Services\PlaylistManager.cs(8,36): error CS0738: “PlaylistManager”不实现接口成员“IPlaylistManager.DeletePlaylistAsync(int)”。“PlaylistManager.DeletePlaylistAsync(int)”无法实现“IPlaylistManager.DeletePlaylistAsync(int)”，因为它没有“Task”的匹配返回类型。 [D:\seamless loop music\seamless loop music\seamless loop music\seamless loop music_gj3jjrnl_wpftmp.csproj]
D:\seamless loop music\seamless loop music\seamless loop music\Services\PlaylistManager.cs(8,36): error CS0738: “PlaylistManager”不实现接口成员“IPlaylistManager.RenamePlaylistAsync(int, string)”。“PlaylistManager.RenamePlaylistAsync(int, string)”无法实现“IPlaylistManager.RenamePlaylistAsync(int, string)”，因为它没有“Task”的匹配返回类型。 [D:\seamless loop music\seamless loop music\seamless loop music\seamless loop music_gj3jjrnl_wpftmp.csproj]
D:\seamless loop music\seamless loop music\seamless loop music\Services\PlaylistManager.cs(8,36): error CS0738: “PlaylistManager”不实现接口成员“IPlaylistManager.AddTrackToPlaylistAsync(int, MusicTrack)”。“PlaylistManager.AddTrackToPlaylistAsync(int, MusicTrack)”无法实现“IPlaylistManager.AddTrackToPlaylistAsync(int, MusicTrack)”，因为它没有“Task”的匹配返回类型。 [D:\seamless loop music\seamless loop music\seamless loop music\seamless loop music_gj3jjrnl_wpftmp.csproj]
D:\seamless loop music\seamless loop music\seamless loop music\Services\PlaylistManager.cs(8,36): error CS0738: “PlaylistManager”不实现接口成员“IPlaylistManager.RemoveTrackFromPlaylistAsync(int, int)”。“PlaylistManager.RemoveTrackFromPlaylistAsync(int, int)”无法实现“IPlaylistManager.RemoveTrackFromPlaylistAsync(int, int)”，因为它没有“Task”的匹配返回类型。 [D:\seamless loop music\seamless loop music\seamless loop music\seamless loop music_gj3jjrnl_wpftmp.csproj]
D:\seamless loop music\seamless loop music\seamless loop music\Services\PlaylistManager.cs(8,36): error CS0738: “PlaylistManager”不实现接口成员“IPlaylistManager.GetTracksInPlaylistAsync(int)”。“PlaylistManager.GetTracksInPlaylistAsync(int)”无法实现“IPlaylistManager.GetTracksInPlaylistAsync(int)”，因为它没有“Task<List<MusicTrack>>”的匹配返回类型。 [D:\seamless loop music\seamless loop music\seamless loop music\seamless loop music_gj3jjrnl_wpftmp.csproj]
D:\seamless loop music\seamless loop music\seamless loop music\Services\PlaylistManager.cs(8,36): error CS0535: “PlaylistManager”不实现接口成员“IPlaylistManager.SetNowPlayingList(IEnumerable<MusicTrack>, MusicTrack)” [D:\seamless loop music\seamless loop music\seamless loop music\seamless loop music_gj3jjrnl_wpftmp.csproj]
D:\seamless loop music\seamless loop music\seamless loop music\Services\PlaylistManager.cs(56,17): error CS0246: 未能找到类型或命名空间名“List<>”(是否缺少 using 指令或程序集引用?) [D:\seamless loop music\seamless loop music\seamless loop music\seamless loop music_gj3jjrnl_wpftmp.csproj]
    0 个警告
    18 个错误

已用时间 00:00:01.04

有可用的工作负载更新。有关详细信息，请运行 `dotnet workload list`。
